<!DOCTYPE html>
<html lang="en">
	<head>
		<meta charset = "utf-8">
		<title>Facture</title>
	</head>
    <body>
		<h1>Invoice</h1>
		<ul><li><strong>Client : </strong>BigCo</li></ul>
		<table>
			<tr>
				<th scope="col"><strong>Play</strong></th>
				<th scope="col"><strong>Seats sold</strong></th>
				<th scope="col"><strong>Price</strong></th>
			</tr>
            <tr>
                <td>Othello</td>
                <td>40</td>
                <td>$500.00</td>
            </tr>
            <tr>
                <td>Dernière Fantaisie 15</td>
                <td>15</td>
                <td>$400.00</td>
            </tr>
            <tr>
                <td>As You Like It</td>
                <td>35</td>
                <td>$580.00</td>
            </tr>
            <tr>
                <td>Hamlet</td>
                <td>55</td>
                <td>$650.00</td>
            </tr>
            <tr>
                <td>Vincent le médisant</td>
                <td>5</td>
                <td>$315.00</td>
            </tr>
			<tr>
				<th scope="col"><strong>Total owed:</strong></th>
				<td>$2,445.00</td>
			</tr>
			<tr>
				<th scope="col"><strong>Fidelity points earned:</strong></th>
				<td>48</td>
			</tr>
            <tr>
                <th scope="col"><strong>Your fidelity points:</strong></th>
                <td>149</td>
            </tr>
		</table>
	</body>
</html>